
 RUN  v4.1.9 D:/SOLO-2/AI_solo_coder_task_B_141

node : stderr | src/__test
s__/MaterialAnalysis.test.
tsx > MaterialAnalysisPage
 > 绗笁缁勶細寮傚父鍦烘櫙锛圗xception锛
?> TC-E-5 鏃犳晥鏁板瓧杈撳叆锛氶渿绾ц緭鍏
bc锛堥潪鏁板瓧锛夛紝value涓嶅彉鎴栬鑷姩
淇
所在位置 行:1 字符: 101
+ ... utput.txt ; node .\n
ode_modules\vitest\vitest.
mjs run .\src\__tests__ ..
.
+                 ~~~~~~~~
~~~~~~~~~~~~~~~~~~~~~~~~~~
~~~~~~~~~~~~~~~~~~~~~~~
    + CategoryInfo        
      : NotSpecified: (s  
  tderr | src/__...lue涓   
 嶅彉鎴栬鑷姩淇:String) [    
], RemoteException
    + FullyQualifiedError 
   Id : NativeCommandErr  
  or
 
Warning: Received NaN for 
the `value` attribute. If 
this is expected, cast the
 value to a string.
    at input
    at div
    at div
    at div
    at div
    at MaterialAnalysis (D
:/SOLO-2/AI_solo_coder_tas
k_B_141/src/pages/Material
Analysis.tsx:39:87)

stderr | src/__tests__/Mat
erialAnalysis.test.tsx > M
aterialAnalysisPage > 绗笁缁
勶細寮傚父鍦烘櫙锛圗xception锛?> TC-E
-6 寮傚父缁撴灉锛歮etrics鏁扮粍涓虹┖锛岀粍
浠朵笉鎶涘紓甯革紙闃插尽鎬ф覆鏌擄級
Warning: Received NaN for 
the `x2` attribute. If thi
s is expected, cast the va
lue to a string.
    at line
    at svg
    at ScatterPlot (D:/SOL
O-2/AI_solo_coder_task_B_1
41/src/pages/MaterialAnaly
sis.tsx:1357:3)
    at div
    at div
    at div
    at MaterialAnalysis (D
:/SOLO-2/AI_solo_coder_tas
k_B_141/src/pages/Material
Analysis.tsx:39:87)

 鉂?src/__tests__/MaterialAnalysis.test.tsx (28 tests | 4 failed) 20273ms
       鉁?TC-N-1 鏍囬娓叉煋锛氥€屾潗鏂欏垎鏋愬弬鏁伴厤缃€?銆岄兘鏌辨潗鏂欏搷搴斿姣斿垎鏋愩€嶆樉绀?118ms
       鉁?TC-N-2 鍙傝€冩潗鏂欎笅鎷夛細label=銆屽弬鑰冩潗鏂欍€嶇殑select锛岄粯璁ゅ€?闈掗摐(copper) 35ms
       鉁?TC-N-3 鍦伴渿闇囩骇锛歭abel鍖呭惈銆岄渿绾с€嶇殑number input锛岄粯璁?.5 28ms
       鉁?TC-N-4 闇囦腑璺濓細label鍖呭惈銆岄渿涓窛銆嶇殑number input锛岄粯璁?00km 33ms
       鉁?TC-N-5 璇曢獙娆℃暟锛歭abel鍖呭惈銆岃瘯楠屾鏁般€嶆垨銆孧onte銆嶇殑number input锛岄粯璁?0 29ms
       鉁?TC-N-6 鍦哄湴鍦燂細label鍖呭惈銆屽満鍦板湡銆嶇殑select锛岄粯璁I 26ms
       鉁?TC-N-7 浠櫒绫诲瀷锛歭abel鍖呭惈銆屼华鍣ㄧ被鍨嬨€嶇殑select锛岄粯璁ゅ€欓鍦板姩浠?28ms
       脳 TC-N-8 4绉嶆潗鏂欐寜閽細鏄剧ず闈掗摐/鐔熼搧/纭湪/閽㈡潗锛岄粯璁ゅ叏閮ㄩ€変腑 5012ms
       鉁?TC-N-9 杩愯鎸夐挳锛氥€岃繍琛屽垎鏋愩€?銆岄噸鏂板垎鏋愩€?銆屽紑濮嬪垎鏋愩€嶆寜閽瓨鍦?289ms
       鉁?TC-N-10 鑷姩杩愯锛歳ender鍚庯紙鍥爑seEffect鑷姩瑙﹀彂锛塺unMaterialAnalysis琚皟鐢ㄨ嚦灏?娆?48ms
       脳 TC-N-11 缁撴灉鍖猴細mock缁撴灉杩斿洖鍚庯紝鏄剧ず鏉愭枡鍚嶇О锛堥潚閾滐級銆佸搷搴旀瘮鎴栨娴嬫鐜囩瓑鏁版嵁 5018ms
       脳 TC-N-12 鍝嶅簲閫熷害鎺掑簭锛氱啛閾佸搷搴旀瘮>闈掗摐锛岄挗鏉愬搷搴旀瘮>鐔熼搧 5006ms
       鉁?TC-B-1 鍙傝€冩潗鏂欏垏鎹細浠庨潚閾滄敼閫夌啛閾侊紝select value鍙樺寲 110ms
       鉁?TC-B-2 闇囩骇鏈€灏忓€硷細璁句负2.0锛屽弬鏁版纭紶鍏?104ms
       鉁?TC-B-3 闇囩骇鏈€澶у€硷細璁句负9.0锛屽弬鏁版纭紶鍏?92ms
       鉁?TC-B-4 璺濈鏈€灏忚竟鐣岋細璁句负10km锛屼笉鎶ラ敊 103ms
       鉁?TC-B-5 璺濈鏈€澶ц竟鐣岋細璁句负1000km锛屼笉鎶ラ敊 98ms
       鉁?TC-B-6 璇曢獙娆℃暟鏈€灏忥細璁句负5娆★紝涓嶅穿婧?104ms
       鉁?TC-B-7 璇曢獙娆℃暟鏈€澶э細璁句负100娆★紝涓嶅穿婧?121ms
       脳 TC-B-8 浠?绉嶆潗鏂欐祴璇曪細鍙€夌‖鏈紝杩愯鎴愬姛 3142ms
       鉁?TC-B-9 鏋佺鍦哄湴鍦燂細閫塈V杞急鍦?+ 纭湪锛屽弬鏁版纭?134ms
       鉁?TC-B-10 姘磋繍浠薄鍙?閽㈡潗锛氱壒娈婄粍鍚堬紝鍙傛暟姝ｇ‘浼犲叆 110ms
       鉁?TC-E-1 0绉嶆潗鏂欓€夋嫨锛氬彇娑堟墍鏈夋潗鏂欙紝鐐瑰嚮杩愯锛屾樉绀洪敊璇彁绀恒€岃鑷冲皯閫夋嫨涓€绉嶆祴璇曟潗鏂欍€?118ms
       鉁?TC-E-2 API reject锛歮ockImplementation(() => Promise.reject(new Error('network')))锛岀粍浠朵笉宕╂簝锛宻tatus鍙榚rror锛屽彲閲嶈瘯 77ms
       鉁?TC-E-3 鍔犺浇涓鐢細鍔犺浇鏃舵墍鏈塱nput鍜宻elect disabled=true 78ms
       鉁?TC-E-4 鍔犺浇涓噸澶嶇偣鍑伙細loading=true鏈熼棿鐐瑰嚮杩愯鎸夐挳锛屼笉鍐嶅鍔燗PI璋冪敤娆℃暟 71ms
       鉁?TC-E-5 鏃犳晥鏁板瓧杈撳叆锛氶渿绾ц緭鍏bc锛堥潪鏁板瓧锛夛紝value涓嶅彉鎴栬鑷姩淇 93ms
       鉁?TC-E-6 寮傚父缁撴灉锛歮etrics鏁扮粍涓虹┖锛岀粍浠朵笉鎶涘紓甯革紙闃插尽鎬ф覆鏌擄級 43ms

鈳幆鈳幆鈳幆鈳?Failed Tests 4 
鈳幆鈳幆鈳幆鈳?
 FAIL  src/__tests__/Mater
ialAnalysis.test.tsx > Mat
erialAnalysisPage > 绗竴缁勶細
姝ｅ父鍦烘櫙锛圢ormal锛?> TC-N-8 4绉
嶆潗鏂欐寜閽細鏄剧ず闈掗摐/鐔熼搧/纭湪/閽㈡潗
锛岄粯璁ゅ叏閮ㄩ€変腑
Error: Test timed out in 5
000ms.
If this is a long-running 
test, pass a timeout value
 as the last argument or c
onfigure it globally with 
"testTimeout".
 鉂?src/__tests__/MaterialA
nalysis.test.tsx:227:5
    225|     })
    226|
    227|     it('TC-N-8 4绉
嶆潗鏂欐寜閽細鏄剧ず闈掗摐/鐔熼搧/纭湪/閽㈡潗
锛岄粯璁ゅ叏閮ㄩ€変腑', async () => 
{
       |     ^
    228|       mockRunMate
rialAnalysis.mockResolvedV
alue(createMockResult())
    229|       render(<Mat
erialAnalysis />)

鈳幆鈳幆鈳幆鈳幆鈳幆鈳幆鈳幆鈳幆鈳
幆鈳幆鈳幆鈳幆[1/4]鈳?
 FAIL  src/__tests__/Mater
ialAnalysis.test.tsx > Mat
erialAnalysisPage > 绗竴缁勶細
姝ｅ父鍦烘櫙锛圢ormal锛?> TC-N-11 缁
撴灉鍖猴細mock缁撴灉杩斿洖鍚庯紝鏄剧ず鏉愭枡鍚嶇
О锛堥潚閾滐級銆佸搷搴旀瘮鎴栨娴嬫鐜囩瓑鏁版嵁
Error: Test timed out in 5
000ms.
If this is a long-running 
test, pass a timeout value
 as the last argument or c
onfigure it globally with 
"testTimeout".
 鉂?src/__tests__/MaterialA
nalysis.test.tsx:267:5
    265|     })
    266|
    267|     it('TC-N-11 缁
撴灉鍖猴細mock缁撴灉杩斿洖鍚庯紝鏄剧ず鏉愭枡鍚嶇
О锛堥潚閾滐級銆佸搷搴旀瘮鎴栨娴嬫鐜囩瓑鏁版嵁'
, async () => {
       |     ^
    268|       const mockR
esult = createMockResult()
    269|       mockRunMate
rialAnalysis.mockResolvedV
alue(mockResult)

鈳幆鈳幆鈳幆鈳幆鈳幆鈳幆鈳幆鈳幆鈳
幆鈳幆鈳幆鈳幆[2/4]鈳?
 FAIL  src/__tests__/Mater
ialAnalysis.test.tsx > Mat
erialAnalysisPage > 绗竴缁勶細
姝ｅ父鍦烘櫙锛圢ormal锛?> TC-N-12 鍝
嶅簲閫熷害鎺掑簭锛氱啛閾佸搷搴旀瘮>闈掗摐锛岄挗鏉愬
搷搴旀瘮>鐔熼搧
Error: Test timed out in 5
000ms.
If this is a long-running 
test, pass a timeout value
 as the last argument or c
onfigure it globally with 
"testTimeout".
 鉂?src/__tests__/MaterialA
nalysis.test.tsx:285:5
    283|     })
    284|
    285|     it('TC-N-12 鍝
嶅簲閫熷害鎺掑簭锛氱啛閾佸搷搴旀瘮>闈掗摐锛岄挗鏉愬
搷搴旀瘮>鐔熼搧', async () => {
       |     ^
    286|       const mockR
esult = createMockResult()
    287|       mockRunMate
rialAnalysis.mockResolvedV
alue(mockResult)

鈳幆鈳幆鈳幆鈳幆鈳幆鈳幆鈳幆鈳幆鈳
幆鈳幆鈳幆鈳幆[3/4]鈳?
 FAIL  src/__tests__/Mater
ialAnalysis.test.tsx > Mat
erialAnalysisPage > 绗簩缁勶細
杈圭晫鍦烘櫙锛圔oundary锛?> TC-B-8 
浠?绉嶆潗鏂欐祴璇曪細鍙€夌‖鏈紝杩愯鎴愬姛
TestingLibraryElementError
: Found multiple elements 
with the text: 纭湪

Here are the matching elem
ents:

Ignored nodes: comments, s
cript, style
[36m<option[39m
  [33mvalue[39m=[32m"wo
od"[39m
[36m>[39m
  [0m纭湪[0m
[36m</option>[39m

Ignored nodes: comments, s
cript, style
[36m<button[39m
  [33mclass[39m=[32m"in
line-flex items-center gap
-1.5 px-3 py-1.5 rounded-m
d text-sm border transitio
n-all border-gold-500/60 b
g-gold-500/10 text-gold-40
0"[39m
[36m>[39m
  [36m<svg[39m
    [33maria-hidden[39m=
[32m"true"[39m
    [33mclass[39m=[32m"
lucide lucide-square-check
-big w-3.5 h-3.5"[39m
    [33mfill[39m=[32m"n
one"[39m
    [33mheight[39m=[32m
"24"[39m
    [33mstroke[39m=[32m
"currentColor"[39m
    [33mstroke-linecap[3
9m=[32m"round"[39m
    [33mstroke-linejoin[
39m=[32m"round"[39m
    [33mstroke-width[39m
=[32m"2"[39m
    [33mviewBox[39m=[32
m"0 0 24 24"[39m
    [33mwidth[39m=[32m"
24"[39m
    [33mxmlns[39m=[32m"
http://www.w3.org/2000/svg
"[39m
  [36m>[39m
    [36m<path[39m
      [33md[39m=[32m"M2
1 10.5V19a2 2 0 0 1-2 2H5a
2 2 0 0 1-2-2V5a2 2 0 0 1 
2-2h12.5"[39m
    [36m/>[39m
    [36m<path[39m
      [33md[39m=[32m"m9
 11 3 3L22 4"[39m
    [36m/>[39m
  [36m</svg>[39m
  [36m<span[39m
    [33mclass[39m=[32m"
w-2.5 h-2.5 rounded-full"
[39m
    [33mstyle[39m=[32m"
background-color: rgb(139,
 69, 19);"[39m
  [36m/>[39m
  [0m纭湪[0m
[36m</button>[39m

Ignored nodes: comments, s
cript, style
[36m<span[39m
  [33mclass[39m=[32m"va
lue-label mb-0"[39m
[36m>[39m
  [0m纭湪[0m
[36m</span>[39m

Ignored nodes: comments, s
cript, style
[36m<text[39m
  [33mfill[39m=[32m"rgb
a(212,175,55,0.8)"[39m
  [33mfont-size[39m=[32
m"10"[39m
  [33mtext-anchor[39m=[
32m"middle"[39m
  [33mx[39m=[32m"170"[
39m
  [33my[39m=[32m"215"[
39m
[36m>[39m
  [0m纭湪[0m
[36m</text>[39m

Ignored nodes: comments, s
cript, style
[36m<text[39m
  [33mfill[39m=[32m"rgb
a(212,175,55,0.8)"[39m
  [33mfont-size[39m=[32
m"10"[39m
  [33mtext-anchor[39m=[
32m"middle"[39m
  [33mx[39m=[32m"170"[
39m
  [33my[39m=[32m"215"[
39m
[36m>[39m
  [0m纭湪[0m
[36m</text>[39m

Ignored nodes: comments, s
cript, style
[36m<text[39m
  [33mfill[39m=[32m"#8B
4513"[39m
  [33mfont-size[39m=[32
m"10"[39m
  [33mfont-weight[39m=[
32m"bold"[39m
  [33mtext-anchor[39m=[
32m"middle"[39m
  [33mx[39m=[32m"256.66
66666666667"[39m
  [33my[39m=[32m"43.599
999999999994"[39m
[36m>[39m
  [0m纭湪[0m
[36m</text>[39m

Ignored nodes: comments, s
cript, style
[36m<text[39m
  [33mfill[39m=[32m"rgb
a(212,175,55,0.8)"[39m
  [33mfont-size[39m=[32
m"9"[39m
  [33mx[39m=[32m"18"[3
9m
  [33my[39m=[32m"10"[3
9m
[36m>[39m
  [0m纭湪[0m
[36m</text>[39m

Ignored nodes: comments, s
cript, style
[36m<th[39m
  [33mclass[39m=[32m"te
xt-center py-2 px-3 font-m
edium"[39m
  [33mstyle[39m=[32m"co
lor: rgb(139, 69, 19);"[3
9m
[36m>[39m
  [0m纭湪[0m
[36m</th>[39m

Ignored nodes: comments, s
cript, style
[36m<td[39m
  [33mclass[39m=[32m"py
-2 px-2 whitespace-nowrap 
tabular-nums font-serif te
xt-sm"[39m
  [33mstyle[39m=[32m"co
lor: rgb(139, 69, 19);"[3
9m
[36m>[39m
  [0m纭湪[0m
[36m</td>[39m

(If this is intentional, t
hen use the `*AllBy*` vari
ant of the query (like `qu
eryAllByText`, `getAllByTe
xt`, or `findAllByText`)).

Ignored nodes: comments, s
cript, style
[36m<body>[39m
  [36m<div>[39m
    [36m<div[39m
      [33mclass[39m=[32
m"space-y-5"[39m
    [36m>[39m
      [36m<div[39m
        [33mclass[39m=[
32m"bronze-panel p-5"[39m
      [36m>[39m
        [36m<div[39m
          [33mclass[39m=
[32m"card-heading"[39m
        [36m>[39m
          [36m<svg[39m
            [33maria-hidd
en[39m=[32m"true"[39m
            [33mclass[39
m=[32m"lucide lucide-sett
ings2 lucide-settings-2 w-
4 h-4 text-gold-500"[39m
            [33mfill[39m
=[32m"none"[39m
            [33mheight[3
9m=[32m"24"[39m
            [33mstroke[3
9m=[32m"currentColor"[39
m
            [33mstroke-li
necap[39m=[32m"round"[3
9m
            [33mstroke-li
nejoin[39m=[32m"round"[
39m
            [33mstroke-wi
dth[39m=[32m"2"[39m
            [33mviewBox[
39m=[32m"0 0 24 24"[39m
            [33mwidth[39
m=[32m"24"[39m
            [33mxmlns[39
m=[32m"http://www.w3.org/
2000/svg"[39m
          [36m>[39m
            [36m<path[39
m
              [33md[39m=
[32m"M20 7h-9"[39m
            [36m/>[39m
            [36m<path[39
m
              [33md[39m=
[32m"M14 17H5"[39m
            [36m/>[39m
            [36m<circle[
39m
              [33mcx[39m
=[32m"17"[39m
              [33mcy[39m
=[32m"17"[39m
              [33mr[39m=
[32m"3"[39m
            [36m/>[39m
            [36m<circle[
39m
              [33mcx[39m
=[32m"7"[39m
              [33mcy[39m
=[32m"7"[39m
              [33mr[39m=
[32m"3"[39m
            [36m/>[39m
          [36m</svg>[39m
          [36m<span>[39m
            [0m鏉愭枡鍒嗘瀽鍙傛暟閰
嶇疆[0m
          [36m</span>[39
m
          [36m<span[39m
            [33mclass[39
m=[32m"text-bronze-500 te
xt-sm ml-auto"[39m
          [36m>[39m
            [0m閮芥煴鏉愭枡鍝嶅簲瀵
规瘮鍒嗘瀽[0m
          [36m</span>[39
m
        [36m</div>[39m
        [36m<div[39m
          [33mclass[39m=
[32m"grid grid-cols-1 md:
grid-cols-2 lg:grid-cols-4
 gap-4"[39m
        [36m>[39m
          [36m<div>[39m
            [36m<label[3
9m
              [33mclass[
39m=[32m"form-label"[39m
            [36m>[39m
              [0m鍙傝€冩潗鏂?[
0m
            [36m</label>
[39m
            [36m<select[
39m
              [33mclass[
39m=[32m"w-full h-9 round
ed-md border border-bronze
-700/40 bg-ink-950/60 px-3
 text-sm text-bronze-100 f
ocus:border-gold-500/60 fo
cus:outline-none"[39m
            [36m>[39m
              [36m<option
[39m
                [33mvalue
[39m=[32m"copper"[39m
              [36m>[39m
                [0m闈掗摐[0
m
              [36m</optio
n>[39m
              [36m<option
[39m
                [33mvalue
[39m=[32m"iron"[39m
              [36m>[39m
                [0m鐔熼搧[0
m
              [36m</optio
n>[39m
              [36m<option
[39m
                [33mvalue
[39m=[32m"wood"[39m
              [36m>[39m
                [0m纭湪[0
m
              [36m</optio
n>[39m
              [36m<option
[39m
                [33mvalue
[39m=[32m"steel"[39m
              [36m>[39m
                [0m閽㈡潗[0
m
              [36m</optio
n>[39m
            [36m</select>
[39m
          [36m</div>[39m
          [36m<div>[39m
            [36m<label[3
9m
              [33mclass[
39m=[32m"form-label"[39m
            [36m>[39m
              [0m鍦伴渿闇囩骇 (
M)[0m
            [36m</label>
[39m
            [36m<input[3
9m
              [33mclass[
39m=[32m"form-input"[39m
              [33mmax[39
m=[32m"9"[39m
              [33mmin[39
m=[32m"2"[39m
              [33mstep[3
9m=[32m"0.1"[39m
              [33mtype[3
9m=[32m"number"[39m
              [33mvalue[
39m=[32m"5.5"[39m
            [36m/>[39m
          [36m</div>[39m
          [36m<div>[39m
            [36m<label[3
9m
              [33mclass[
39m=[32m"form-label"[39m
            [36m>[39m
              [0m闇囦腑璺?(km
)[0m
            [36m</label>
[39m
            [36m<input[3
9m
              [33mclass[
39m=[32m"form-input"[39m
              [33mmax[39
m=[32m"1000"[39m
              [33mmin[39
m=[32m"10"[39m
              [33mstep[3
9m=[32m"10"[39m
              [33mtype[3
9m=[32m"number"[39m
              [33mvalue[
39m=[32m"100"[39m
            [36m/>[39m
          [36m</div>[39m
          [36m<div>[39m
            [36m<label[3
9m
              [33mclass[
39m=[32m"form-label"[39m
            [36m>[39m
              [0m璇曢獙娆℃暟[
0m
            [36m</label>
[39m
            [36m<input[3
9m
              [33mclass[
39m=[32m"form-input"[39m
              [33mmax[39
m=[32m"100"[39m
              [33mmin[39
m=[32m"5"[39m
              [33mstep[3
9m=[32m"5"[39m
              [33mtype[3
9m=[32m"number"[39m
              [33mvalue[
39m=[32m"20"[39m
            [36m/>[39m
          [36m</div>[39m
          [36m<div>[39m
            [36m<label[3
9m
              [33mclass[
39m=[32m"form-label flex 
items-center gap-1.5"[39m
            [36m>[39m
              [36m<svg[3
9m
                [33maria-
hidden[39m=[32m"true"[3
9m
                [33mclass
[39m=[32m"lucide lucide-
layers w-3 h-3"[39m
                [33mfill
[39m=[32m"none"[39m
                [33mheigh
t[39m=[32m"24"[39m
                [33mstrok
e[39m=[32m"currentColor"
[39m
                [33mstrok
e-linecap[39m=[32m"round
"[39m
                [33mstrok
e-linejoin[39m=[32m"roun
d"[39m
                [33mstrok
e-width[39m=[32m"2"[39m
                [33mviewB
ox[39m=[32m"0 0 24 24"[
39m
                [33mwidth
[39m=[32m"24"[39m
                [33mxmlns
[39m=[32m"http://www.w3.
org/2000/svg"[39m
              [36m>[39m
                [36m<path
[39m
                  [33md[
39m=[32m"M12.83 2.18a2 2 
0 0 0-1.66 0L2.6 6.08a1 1 
0 0 0 0 1.83l8.58 3.91a2 2
 0 0 0 1.66 0l8.58-3.9a1 1
 0 0 0 0-1.83z"[39m
                [36m/>[3
9m
                [36m<path
[39m
                  [33md[
39m=[32m"M2 12a1 1 0 0 0 
.58.91l8.6 3.91a2 2 0 0 0 
1.65 0l8.58-3.9A1 1 0 0 0 
22 12"[39m
                [36m/>[3
9m
                [36m<path
[39m
                  [33md[
39m=[32m"M2 17a1 1 0 0 0 
.58.91l8.6 3.91a2 2 0 0 0 
1.65 0l8.58-3.9A1 1 0 0 0 
22 17"[39m
                [36m/>[3
9m
              [36m</svg>
[39m
              [0m鍦哄湴鍦熺被鍨?
[0m
            [36m</label>
[39m
            [36m<select[
39m
              [33mclass[
39m=[32m"w-full h-9 round
ed-md border border-bronze
-700/40 bg-ink-950/60 px-3
 text-sm text-bronze-100 f
ocus:border-gold-500/60 fo
cus:outline-none"[39m
            [36m>[39m
              [36m<option
[39m
                [33mvalue
[39m=[32m"I0"[39m
              [36m>[39m
                [0mI鈧€ 绫诲
博鐭?[0m
              [36m</optio
n>[39m
              [36m<option
[39m
                [33mvalue
[39m=[32m"I1"[39m
              [36m>[39m
                [0mI鈧?绫诲潥
纭湡[0m
              [36m</optio
n>[39m
              [36m<option
[39m
                [33mvalue
[39m=[32m"II"[39m
              [36m>[39m
                [0mII 绫讳腑
纭湡[0m
             ...

Ignored nodes: comments, s
cript, style
[36m<html>[39m
  [36m<head />[39m
  [36m<body>[39m
    [36m<div>[39m
      [36m<div[39m
        [33mclass[39m=[
32m"space-y-5"[39m
      [36m>[39m
        [36m<div[39m
          [33mclass[39m=
[32m"bronze-panel p-5"[3
9m
        [36m>[39m
          [36m<div[39m
            [33mclass[39
m=[32m"card-heading"[39m
          [36m>[39m
            [36m<svg[39m
              [33maria-hi
dden[39m=[32m"true"[39m
              [33mclass[
39m=[32m"lucide lucide-se
ttings2 lucide-settings-2 
w-4 h-4 text-gold-500"[39
m
              [33mfill[3
9m=[32m"none"[39m
              [33mheight
[39m=[32m"24"[39m
              [33mstroke
[39m=[32m"currentColor"[
39m
              [33mstroke-
linecap[39m=[32m"round"
[39m
              [33mstroke-
linejoin[39m=[32m"round"
[39m
              [33mstroke-
width[39m=[32m"2"[39m
              [33mviewBox
[39m=[32m"0 0 24 24"[39
m
              [33mwidth[
39m=[32m"24"[39m
              [33mxmlns[
39m=[32m"http://www.w3.or
g/2000/svg"[39m
            [36m>[39m
              [36m<path[
39m
                [33md[39
m=[32m"M20 7h-9"[39m
              [36m/>[39m
              [36m<path[
39m
                [33md[39
m=[32m"M14 17H5"[39m
              [36m/>[39m
              [36m<circle
[39m
                [33mcx[3
9m=[32m"17"[39m
                [33mcy[3
9m=[32m"17"[39m
                [33mr[39
m=[32m"3"[39m
              [36m/>[39m
              [36m<circle
[39m
                [33mcx[3
9m=[32m"7"[39m
                [33mcy[3
9m=[32m"7"[39m
                [33mr[39
m=[32m"3"[39m
              [36m/>[39m
            [36m</svg>[3
9m
            [36m<span>[3
9m
              [0m鏉愭枡鍒嗘瀽鍙傛
暟閰嶇疆[0m
            [36m</span>[
39m

            [36m<span[39
m
              [33mclass[
39m=[32m"text-bronze-500 
text-sm ml-auto"[39m
            [36m>[39m
              [0m閮芥煴鏉愭枡鍝嶅
簲瀵规瘮鍒嗘瀽[0m
            [36m</span>[
39m
          [36m</div>[39m
          [36m<div[39m
            [33mclass[39
m=[32m"grid grid-cols-1 m
d:grid-cols-2 lg:grid-cols
-4 gap-4"[39m
          [36m>[39m
            [36m<div>[39
m
              [36m<label
[39m
                [33mclass
[39m=[32m"form-label"[3
9m
              [36m>[39m
                [0m鍙傝€冩潗鏂
?[0m
              [36m</label
>[39m
 Test Files  1 failed (1)
      Tests  4 failed | 24 passed (28)
   Start at  17:10:45
   Duration  22.08s (transform 212ms, setup 233ms, import 220ms, tests 20.27s, environment 1.21s)

              [36m<select
[39m
                [33mclass
[39m=[32m"w-full h-9 rou
nded-md border border-bron
ze-700/40 bg-ink-950/60 px
-3 text-sm text-bronze-100
 focus:border-gold-500/60 
focus:outline-none"[39m
              [36m>[39m
                [36m<opti
on[39m
                  [33mval
ue[39m=[32m"copper"[39m
                [36m>[39
m
                  [0m闈掗摐
[0m
                [36m</opt
ion>[39m
                [36m<opti
on[39m
                  [33mval
ue[39m=[32m"iron"[39m
                [36m>[39
m
                  [0m鐔熼搧
[0m
                [36m</opt
ion>[39m
                [36m<opti
on[39m
                  [33mval
ue[39m=[32m"wood"[39m
                [36m>[39
m
                  [0m纭湪
[0m
                [36m</opt
ion>[39m
                [36m<opti
on[39m
                  [33mval
ue[39m=[32m"steel"[39m
                [36m>[39
m
                  [0m閽㈡潗
[0m
                [36m</opt
ion>[39m
              [36m</selec
t>[39m
            [36m</div>[3
9m
            [36m<div>[39
m
              [36m<label
[39m
                [33mclass
[39m=[32m"form-label"[3
9m
              [36m>[39m
                [0m鍦伴渿闇囩骇
 (M)[0m
              [36m</label
>[39m
              [36m<input
[39m
                [33mclass
[39m=[32m"form-input"[3
9m
                [33mmax[
39m=[32m"9"[39m
                [33mmin[
39m=[32m"2"[39m
                [33mstep
[39m=[32m"0.1"[39m
                [33mtype
[39m=[32m"number"[39m
                [33mvalue
[39m=[32m"5.5"[39m
              [36m/>[39m
            [36m</div>[3
9m
            [36m<div>[39
m
              [36m<label
[39m
                [33mclass
[39m=[32m"form-label"[3
9m
              [36m>[39m
                [0m闇囦腑璺?(
km)[0m
              [36m</label
>[39m
              [36m<input
[39m
                [33mclass
[39m=[32m"form-input"[3
9m
                [33mmax[
39m=[32m"1000"[39m
                [33mmin[
39m=[32m"10"[39m
                [33mstep
[39m=[32m"10"[39m
                [33mtype
[39m=[32m"number"[39m
                [33mvalue
[39m=[32m"100"[39m
              [36m/>[39m
            [36m</div>[3
9m
            [36m<div>[39
m
              [36m<label
[39m
                [33mclass
[39m=[32m"form-label"[3
9m
              [36m>[39m
                [0m璇曢獙娆℃暟
[0m
              [36m</label
>[39m
              [36m<input
[39m
                [33mclass
[39m=[32m"form-input"[3
9m
                [33mmax[
39m=[32m"100"[39m
                [33mmin[
39m=[32m"5"[39m
                [33mstep
[39m=[32m"5"[39m
                [33mtype
[39m=[32m"number"[39m
                [33mvalue
[39m=[32m"20"[39m
              [36m/>[39m
            [36m</div>[3
9m
            [36m<div>[39
m
              [36m<label
[39m
                [33mclass
[39m=[32m"form-label fle
x items-center gap-1.5"[3
9m
              [36m>[39m
                [36m<svg
[39m
                  [33mari
a-hidden[39m=[32m"true"
[39m
                  [33mcla
ss[39m=[32m"lucide lucid
e-layers w-3 h-3"[39m
                  [33mfil
l[39m=[32m"none"[39m
                  [33mhei
ght[39m=[32m"24"[39m
                  [33mstr
oke[39m=[32m"currentColo
r"[39m
                  [33mstr
oke-linecap[39m=[32m"rou
nd"[39m
                  [33mstr
oke-linejoin[39m=[32m"ro
und"[39m
                  [33mstr
oke-width[39m=[32m"2"[3
9m
                  [33mvie
wBox[39m=[32m"0 0 24 24"
[39m
                  [33mwid
th[39m=[32m"24"[39m
                  [33mxml
ns[39m=[32m"http://www.w
3.org/2000/svg"[39m
                [36m>[39
m
                  [36m<pa
th[39m
                    [33md
[39m=[32m"M12.83 2.18a2 
2 0 0 0-1.66 0L2.6 6.08a1 
1 0 0 0 0 1.83l8.58 3.91a2
 2 0 0 0 1.66 0l8.58-3.9a1
 1 0 0 0 0-1.83z"[39m
                  [36m/>
[39m
                  [36m<pa
th[39m
                    [33md
[39m=[32m"M2 12a1 1 0 0 
0 .58.91l8.6 3.91a2 2 0 0 
0 1.65 0l8.58-3.9A1 1 0 0 
0 22 12"[39m
                  [36m/>
[39m
                  [36m<pa
th[39m
                    [33md
[39m=[32m"M2 17a1 1 0 0 
0 .58.91l8.6 3.91a2 2 0 0 
0 1.65 0l8.58-3.9A1 1 0 0 
0 22 17"[39m
                  [36m/>
[39m
                [36m</svg
>[39m
                [0m鍦哄湴鍦熺被
鍨?[0m
              [36m</label
>[39m
              [36m<select
[39m
                [33mclass
[39m=[32m"w-full h-9 rou
nded-md border border-bron
ze-700/40 bg-ink-950/60 px
-3 text-sm text-bronze-100
 focus:border-gold-500/60 
focus:outline-none"[39m
              [36m>[39m
                [36m<opti
on[39m
                  [33mval
ue[39m=[32m"I0"[39m
                [36m>[39
m
                  [...
 鉂?Proxy.waitForWrapper no
de_modules/@testing-librar
y/dom/dist/wait-for.js:163
:27
 鉂?src/__tests__/MaterialA
nalysis.test.tsx:541:13
    539|       expect(last
Call.test_materials).toEqu
al(['wood'])
    540|
    541|       await waitF
or(() => {
       |             ^
    542|         expect(sc
reen.getByText('纭湪')).toB
eInTheDocument()
    543|       }, { timeou
t: 3000 })

鈳幆鈳幆鈳幆鈳幆鈳幆鈳幆鈳幆鈳幆鈳
幆鈳幆鈳幆鈳幆[4/4]鈳?
